// Jest Snapshot v1, https://goo.gl/fbAQLP

exports[`Footer renders correctly 1`] = `
<footer
  className="text-center"
>
  <p
    id="copyright-text"
  >
    <small>
      Â© 2019 Copyright: Wen Ting Wang
    </small>
  </p>
</footer>
`;
